
> dracintmt2@0.1.0 build
> next build

Γû▓ Next.js 16.1.6 (Turbopack)
- Environments: .env.local

  Creating an optimized production build ...
Γ£ô Compiled successfully in 4.6s
  Skipping validation of types
  Collecting page data using 7 workers ...
  Generating static pages using 7 workers (0/32) ...
  Generating static pages using 7 workers (8/32) 
  Generating static pages using 7 workers (16/32) 
  Generating static pages using 7 workers (24/32) 
Γ£ô Generating static pages using 7 workers (32/32) in 239.2ms
  Finalizing page optimization ...

Route (app)
Γöî ╞Æ /
Γö£ Γùï /_not-found
Γö£ Γùï /admin
Γö£ Γùï /admin/dashboard
Γö£ ╞Æ /api/admin/stats
Γö£ ╞Æ /api/collector
Γö£ ╞Æ /api/cron
Γö£ ╞Æ /api/dramabox/allepisode/[bookId]
Γö£ ╞Æ /api/dramabox/detail/[bookId]
Γö£ ╞Æ /api/dramabox/dubindo
Γö£ ╞Æ /api/dramabox/foryou
Γö£ ╞Æ /api/dramabox/latest
Γö£ ╞Æ /api/dramabox/search
Γö£ ╞Æ /api/dramabox/trending
Γö£ ╞Æ /api/flickreels/detail
Γö£ ╞Æ /api/flickreels/foryou
Γö£ ╞Æ /api/flickreels/hotrank
Γö£ ╞Æ /api/flickreels/latest
Γö£ ╞Æ /api/flickreels/search
Γö£ ╞Æ /api/freereels/anime
Γö£ ╞Æ /api/freereels/detail
Γö£ ╞Æ /api/freereels/foryou
Γö£ ╞Æ /api/freereels/home
Γö£ ╞Æ /api/freereels/search
Γö£ ╞Æ /api/melolo/detail
Γö£ ╞Æ /api/melolo/latest
Γö£ ╞Æ /api/melolo/search
Γö£ ╞Æ /api/melolo/stream
Γö£ ╞Æ /api/melolo/trending
Γö£ ╞Æ /api/netshort/detail
Γö£ ╞Æ /api/netshort/foryou
Γö£ ╞Æ /api/netshort/search
Γö£ ╞Æ /api/netshort/theaters
Γö£ ╞Æ /api/proxy/video
Γö£ ╞Æ /api/proxy/warmup
Γö£ ╞Æ /api/reelshort/detail
Γö£ ╞Æ /api/reelshort/homepage
Γö£ ╞Æ /api/reelshort/search
Γö£ ╞Æ /api/reelshort/watch
Γö£ Γùï /auth/callback
Γö£ Γùï /categories
Γö£ ΓùÅ /detail/dramabox/[bookId]
Γö£ ΓùÅ /detail/flickreels/[bookId]
Γö£ ΓùÅ /detail/freereels/[bookId]
Γö£ ΓùÅ /detail/melolo/[bookId]
Γö£ ΓùÅ /detail/netshort/[shortPlayId]
Γö£ ΓùÅ /detail/reelshort/[bookId]
Γö£ Γùï /genres
Γö£ Γùï /latest
Γö£ Γùï /trending
Γö£ ΓùÅ /watch/dramabox/[bookId]
Γö£ ΓùÅ /watch/flickreels/[bookId]/[videoId]
Γö£ ΓùÅ /watch/freereels/[bookId]
Γö£ ╞Æ /watch/freereels/[bookId]/[episodeId]
Γö£ ΓùÅ /watch/melolo/[bookId]/[videoId]
Γö£ ΓùÅ /watch/netshort/[shortPlayId]
Γöö ΓùÅ /watch/reelshort/[bookId]


╞Æ Proxy (Middleware)

Γùï  (Static)   prerendered as static content
ΓùÅ  (SSG)      prerendered as static HTML (uses generateStaticParams)
╞Æ  (Dynamic)  server-rendered on demand

